// Jest Snapshot v1, https://goo.gl/fbAQLP

exports[`Heading heading renders correctly 1`] = `
<h1>
  Header Text
</h1>
`;
